  3DAnimation.cpp
C:\Users\user\Documents\GitHub\Fighting-Game-OpenGL\3DAnimation\bone.h(45,20): warning C4244: 'initializing': conversion from 'double' to 'float', possible loss of data
C:\Users\user\Documents\GitHub\Fighting-Game-OpenGL\3DAnimation\bone.h(56,20): warning C4244: 'initializing': conversion from 'double' to 'float', possible loss of data
C:\Users\user\Documents\GitHub\Fighting-Game-OpenGL\3DAnimation\bone.h(67,20): warning C4244: 'initializing': conversion from 'double' to 'float', possible loss of data
C:\Users\user\Documents\GitHub\Fighting-Game-OpenGL\3DAnimation\model_animation.h(181,37): warning C4018: '<': signed/unsigned mismatch
C:\Users\user\Documents\GitHub\Fighting-Game-OpenGL\3DAnimation\animation.h(37,25): warning C4244: '=': conversion from 'double' to 'float', possible loss of data
C:\Users\user\Documents\GitHub\Fighting-Game-OpenGL\3DAnimation\animation.h(40,31): warning C4244: '=': conversion from 'double' to 'int', possible loss of data
C:\Users\user\Documents\GitHub\Fighting-Game-OpenGL\3DAnimation\animation.h(70,25): warning C4244: '=': conversion from 'double' to 'float', possible loss of data
C:\Users\user\Documents\GitHub\Fighting-Game-OpenGL\3DAnimation\animation.h(72,49): warning C4244: '=': conversion from 'double' to 'int', possible loss of data
C:\Users\user\Documents\GitHub\Fighting-Game-OpenGL\3DAnimation\animation.h(105,44): warning C4244: 'return': conversion from 'int' to 'float', possible loss of data
C:\Users\user\Documents\GitHub\Fighting-Game-OpenGL\3DAnimation\animation.h(148,21): warning C4018: '<': signed/unsigned mismatch
C:\Users\user\Documents\GitHub\Fighting-Game-OpenGL\3DAnimation\3DAnimation.cpp(169,34): warning C4305: 'initializing': truncation from 'double' to 'float'
C:\Users\user\Documents\GitHub\Fighting-Game-OpenGL\3DAnimation\3DAnimation.cpp(705,16): warning C4244: '=': conversion from 'double' to 'float', possible loss of data
C:\Users\user\Documents\GitHub\Fighting-Game-OpenGL\3DAnimation\3DAnimation.cpp(706,16): warning C4244: '=': conversion from 'double' to 'float', possible loss of data
C:\Users\user\Documents\GitHub\Fighting-Game-OpenGL\3DAnimation\3DAnimation.cpp(867,40): warning C4244: '=': conversion from 'double' to 'float', possible loss of data
C:\Users\user\Documents\GitHub\Fighting-Game-OpenGL\3DAnimation\3DAnimation.cpp(899,40): warning C4244: '=': conversion from 'double' to 'float', possible loss of data
C:\Users\user\Documents\GitHub\Fighting-Game-OpenGL\3DAnimation\3DAnimation.cpp(1385,22): warning C4244: 'initializing': conversion from 'double' to 'float', possible loss of data
C:\Users\user\Documents\GitHub\Fighting-Game-OpenGL\3DAnimation\3DAnimation.cpp(1574,11): warning C4244: '=': conversion from 'double' to 'float', possible loss of data
C:\Users\user\Documents\GitHub\Fighting-Game-OpenGL\3DAnimation\3DAnimation.cpp(1575,11): warning C4244: '=': conversion from 'double' to 'float', possible loss of data
C:\Users\user\Documents\GitHub\Fighting-Game-OpenGL\3DAnimation\3DAnimation.cpp(1579,16): warning C4244: 'initializing': conversion from 'double' to 'float', possible loss of data
C:\Users\user\Documents\GitHub\Fighting-Game-OpenGL\3DAnimation\3DAnimation.cpp(1580,16): warning C4244: 'initializing': conversion from 'double' to 'float', possible loss of data
C:\Users\user\Documents\GitHub\Fighting-Game-OpenGL\3DAnimation\3DAnimation.cpp(1582,10): warning C4244: '=': conversion from 'double' to 'float', possible loss of data
C:\Users\user\Documents\GitHub\Fighting-Game-OpenGL\3DAnimation\3DAnimation.cpp(1583,10): warning C4244: '=': conversion from 'double' to 'float', possible loss of data
C:\Users\user\Documents\GitHub\Fighting-Game-OpenGL\3DAnimation\3DAnimation.cpp(1595,28): warning C4244: 'argument': conversion from 'double' to 'float', possible loss of data
  Skybox.cpp
     Creating library C:\Users\user\Documents\GitHub\Fighting-Game-OpenGL\x64\Release\3DAnimation.lib and object C:\Users\user\Documents\GitHub\Fighting-Game-OpenGL\x64\Release\3DAnimation.exp
LINK : warning LNK4098: defaultlib 'MSVCRTD' conflicts with use of other libs; use /NODEFAULTLIB:library
  Generating code
  Previous IPDB not found, fall back to full compilation.
C:\Users\user\Documents\GitHub\Fighting-Game-OpenGL\3DAnimation\bone.h(126): warning C4715: 'Bone::GetScaleIndex': not all control paths return a value
C:\Users\user\Documents\GitHub\Fighting-Game-OpenGL\3DAnimation\bone.h(116): warning C4715: 'Bone::GetRotationIndex': not all control paths return a value
C:\Users\user\Documents\GitHub\Fighting-Game-OpenGL\3DAnimation\bone.h(101): warning C4715: 'Bone::GetPositionIndex': not all control paths return a value
  All 1740 functions were compiled because no usable IPDB/IOBJ from previous compilation was found.
  Finished generating code
glfw3.lib(context.obj) : warning LNK4099: PDB '' was not found with 'glfw3.lib(context.obj)' or at ''; linking object as if no debug info
glfw3.lib(window.obj) : warning LNK4099: PDB '' was not found with 'glfw3.lib(window.obj)' or at ''; linking object as if no debug info
glfw3.lib(input.obj) : warning LNK4099: PDB '' was not found with 'glfw3.lib(input.obj)' or at ''; linking object as if no debug info
glfw3.lib(init.obj) : warning LNK4099: PDB '' was not found with 'glfw3.lib(init.obj)' or at ''; linking object as if no debug info
glfw3.lib(win32_thread.obj) : warning LNK4099: PDB '' was not found with 'glfw3.lib(win32_thread.obj)' or at ''; linking object as if no debug info
glfw3.lib(win32_window.obj) : warning LNK4099: PDB '' was not found with 'glfw3.lib(win32_window.obj)' or at ''; linking object as if no debug info
glfw3.lib(win32_joystick.obj) : warning LNK4099: PDB '' was not found with 'glfw3.lib(win32_joystick.obj)' or at ''; linking object as if no debug info
glfw3.lib(win32_time.obj) : warning LNK4099: PDB '' was not found with 'glfw3.lib(win32_time.obj)' or at ''; linking object as if no debug info
glfw3.lib(win32_init.obj) : warning LNK4099: PDB '' was not found with 'glfw3.lib(win32_init.obj)' or at ''; linking object as if no debug info
glfw3.lib(win32_monitor.obj) : warning LNK4099: PDB '' was not found with 'glfw3.lib(win32_monitor.obj)' or at ''; linking object as if no debug info
glfw3.lib(monitor.obj) : warning LNK4099: PDB '' was not found with 'glfw3.lib(monitor.obj)' or at ''; linking object as if no debug info
glfw3.lib(vulkan.obj) : warning LNK4099: PDB '' was not found with 'glfw3.lib(vulkan.obj)' or at ''; linking object as if no debug info
glfw3.lib(wgl_context.obj) : warning LNK4099: PDB '' was not found with 'glfw3.lib(wgl_context.obj)' or at ''; linking object as if no debug info
glfw3.lib(egl_context.obj) : warning LNK4099: PDB '' was not found with 'glfw3.lib(egl_context.obj)' or at ''; linking object as if no debug info
glfw3.lib(osmesa_context.obj) : warning LNK4099: PDB '' was not found with 'glfw3.lib(osmesa_context.obj)' or at ''; linking object as if no debug info
freetype.lib(ftbase.obj) : warning LNK4099: PDB '' was not found with 'freetype.lib(ftbase.obj)' or at ''; linking object as if no debug info
freetype.lib(ftinit.obj) : warning LNK4099: PDB '' was not found with 'freetype.lib(ftinit.obj)' or at ''; linking object as if no debug info
freetype.lib(ftsystem.obj) : warning LNK4099: PDB '' was not found with 'freetype.lib(ftsystem.obj)' or at ''; linking object as if no debug info
freetype.lib(autofit.obj) : warning LNK4099: PDB '' was not found with 'freetype.lib(autofit.obj)' or at ''; linking object as if no debug info
freetype.lib(truetype.obj) : warning LNK4099: PDB '' was not found with 'freetype.lib(truetype.obj)' or at ''; linking object as if no debug info
freetype.lib(type1.obj) : warning LNK4099: PDB '' was not found with 'freetype.lib(type1.obj)' or at ''; linking object as if no debug info
freetype.lib(cff.obj) : warning LNK4099: PDB '' was not found with 'freetype.lib(cff.obj)' or at ''; linking object as if no debug info
freetype.lib(type1cid.obj) : warning LNK4099: PDB '' was not found with 'freetype.lib(type1cid.obj)' or at ''; linking object as if no debug info
freetype.lib(pfr.obj) : warning LNK4099: PDB '' was not found with 'freetype.lib(pfr.obj)' or at ''; linking object as if no debug info
freetype.lib(type42.obj) : warning LNK4099: PDB '' was not found with 'freetype.lib(type42.obj)' or at ''; linking object as if no debug info
freetype.lib(winfnt.obj) : warning LNK4099: PDB '' was not found with 'freetype.lib(winfnt.obj)' or at ''; linking object as if no debug info
freetype.lib(pcf.obj) : warning LNK4099: PDB '' was not found with 'freetype.lib(pcf.obj)' or at ''; linking object as if no debug info
freetype.lib(psaux.obj) : warning LNK4099: PDB '' was not found with 'freetype.lib(psaux.obj)' or at ''; linking object as if no debug info
freetype.lib(psmodule.obj) : warning LNK4099: PDB '' was not found with 'freetype.lib(psmodule.obj)' or at ''; linking object as if no debug info
freetype.lib(pshinter.obj) : warning LNK4099: PDB '' was not found with 'freetype.lib(pshinter.obj)' or at ''; linking object as if no debug info
freetype.lib(raster.obj) : warning LNK4099: PDB '' was not found with 'freetype.lib(raster.obj)' or at ''; linking object as if no debug info
freetype.lib(sfnt.obj) : warning LNK4099: PDB '' was not found with 'freetype.lib(sfnt.obj)' or at ''; linking object as if no debug info
freetype.lib(smooth.obj) : warning LNK4099: PDB '' was not found with 'freetype.lib(smooth.obj)' or at ''; linking object as if no debug info
freetype.lib(bdf.obj) : warning LNK4099: PDB '' was not found with 'freetype.lib(bdf.obj)' or at ''; linking object as if no debug info
freetype.lib(ftgzip.obj) : warning LNK4099: PDB '' was not found with 'freetype.lib(ftgzip.obj)' or at ''; linking object as if no debug info
freetype.lib(ftlzw.obj) : warning LNK4099: PDB '' was not found with 'freetype.lib(ftlzw.obj)' or at ''; linking object as if no debug info
freetype.lib(ftbitmap.obj) : warning LNK4099: PDB '' was not found with 'freetype.lib(ftbitmap.obj)' or at ''; linking object as if no debug info
freetype.lib(ftdebug.obj) : warning LNK4099: PDB '' was not found with 'freetype.lib(ftdebug.obj)' or at ''; linking object as if no debug info
  3DAnimation.vcxproj -> C:\Users\user\Documents\GitHub\Fighting-Game-OpenGL\x64\Release\3DAnimation.exe
